// Jest Snapshot v1, https://goo.gl/fbAQLP

exports[`Greeting Component renders prop content snap 1`] = `
<button
  class="secondary"
>
  navigate back
</button>
`;
